/usr/lib/gcc/x86_64-unknown-linux-gnu/14.3.0/../../../../x86_64-unknown-linux-gnu/bin/ld: /tmp/ccHTCobo.o: in function `IrcServer::parseCommand(std::__cxx11::basic_string<char, std::char_traits<char>, std::allocator<char> >, int)':
/home/srasolom/tronc_commun/Projet/ft_irc (copy)/src/IrcServer.cpp:489:(.text+0x7209): undefined reference to `ParseCommand::parseCmd(std::__cxx11::basic_string<char, std::char_traits<char>, std::allocator<char> > const&, Command&, std::__cxx11::basic_string<char, std::char_traits<char>, std::allocator<char> >, std::vector<IrcClient, std::allocator<IrcClient> >, int, std::vector<Channel, std::allocator<Channel> >&, s_channel_data&)'
collect2: error: ld returned 1 exit status
